```html title=default.1e7ae01e3970e4a9.html
<!doctype html><html><head><meta charset="utf-8"><title>rspack</title><script defer src="/runtime.js"></script><script defer src="/main.js"></script><link href="/main.css" rel="stylesheet"></head><body></body></html>
```

```html title=index.1e7ae01e3970e4a9.html
<!doctype html><html><head><meta charset="UTF-8"><title>Rspack App</title><script defer src="/runtime.js"></script><script defer src="/main.js"></script><link href="/main.css" rel="stylesheet"></head><body></body></html>
```